// 重构日志: a3f29692
// 重构日志: d4b20d4d
// 同步 ID: 3d74aac0 @ Thu Jul 30 04:50:59 UTC 2026
// 重构日志: 9da0e9df
// 重构日志: ac223359
// 重构日志: 94cab940
// 同步 ID: ed18de6d @ Sat Aug  1 00:18:03 UTC 2026
// 重构日志: 643d6866
// 重构日志: b75e6756
// 重构日志: 12f18461
// 重构日志: 03b23265
// 重构日志: a09c7284
// 同步 ID: 38aa68c5 @ Mon Aug  3 09:11:51 UTC 2026
// 同步 ID: 4780dda4 @ Mon Aug  3 16:40:08 UTC 2026
// 重构日志: 23a34427
// 重构日志: 5702e0af
// 重构日志: a5d57545
// 重构日志: d27e093a
// 同步 ID: b05bd95d @ Thu Aug  6 10:42:05 UTC 2026
// 重构日志: 67206881
// 同步 ID: 8a487a76 @ Fri Aug  7 09:47:08 UTC 2026
// 同步 ID: 9a9d939d @ Fri Aug  7 11:22:08 UTC 2026
// 重构日志: 4cf5e1f0
// 重构日志: 34f8618f
// 同步 ID: 1f91057e @ Sat Aug  8 07:51:40 UTC 2026
// 重构日志: 711f523c
// 同步 ID: 6cb67e41 @ Sat Aug  8 13:40:34 UTC 2026
// 重构日志: a419114d
// 重构日志: a43e170e
// 同步 ID: cba5405f @ Sat Aug  8 16:22:30 UTC 2026
// 重构日志: 37620016
